CREATE EXTENSION astrocat;
-- test data type accuracy down to ~0.00036 arcsec
SELECT skypoint(1.0, 1.0);
         skypoint          
---------------------------
 (1.000000000,1.000000000)
(1 row)

SELECT skypoint(1.1, 1.1);
         skypoint          
---------------------------
 (1.100000000,1.100000000)
(1 row)

SELECT skypoint(1.01, 1.01);
         skypoint          
---------------------------
 (1.010000000,1.010000000)
(1 row)

SELECT skypoint(1.001, 1.001);
         skypoint          
---------------------------
 (1.001000000,1.001000000)
(1 row)

SELECT skypoint(1.0001, 1.0001);
         skypoint          
---------------------------
 (1.000100000,1.000100000)
(1 row)

SELECT skypoint(1.00001, 1.00001);
         skypoint          
---------------------------
 (1.000010000,1.000010000)
(1 row)

SELECT skypoint(1.000001, 1.000001);
         skypoint          
---------------------------
 (1.000001000,1.000001000)
(1 row)

SELECT skypoint(1.0000001, 1.0000001);
         skypoint          
---------------------------
 (1.000000100,1.000000100)
(1 row)

SELECT skycircle(0.0, 0.0, 0.1);
               skycircle               
---------------------------------------
 (0.000000000,0.000000000,0.100000000)
(1 row)

SELECT skycircle(0.0, 0.0, 1.0);
               skycircle               
---------------------------------------
 (0.000000000,0.000000000,1.000000000)
(1 row)

SELECT skycircle(0.0, 0.0, 1.1);
               skycircle               
---------------------------------------
 (0.000000000,0.000000000,1.100000000)
(1 row)

SELECT skycircle(0.0, 0.0, 1.01);
               skycircle               
---------------------------------------
 (0.000000000,0.000000000,1.010000000)
(1 row)

SELECT skycircle(0.0, 0.0, 1.001);
               skycircle               
---------------------------------------
 (0.000000000,0.000000000,1.001000000)
(1 row)

SELECT skycircle(0.0, 0.0, 1.0001);
               skycircle               
---------------------------------------
 (0.000000000,0.000000000,1.000100000)
(1 row)

SELECT skycircle(0.0, 0.0, 1.00001);
               skycircle               
---------------------------------------
 (0.000000000,0.000000000,1.000010000)
(1 row)

SELECT skycircle(0.0, 0.0, 1.000001);
               skycircle               
---------------------------------------
 (0.000000000,0.000000000,1.000001000)
(1 row)

-- test containment
SELECT skypoint(0.0, 0.0) @ skycircle(0.0, 0.0, 0.0);
 ?column? 
----------
 t
(1 row)

SELECT skypoint(0.1, 0.0) @ skycircle(0.0, 0.0, 0.1);
 ?column? 
----------
 t
(1 row)

SELECT skypoint(0.01, 0.0) @ skycircle(0.0, 0.0, 0.01);
 ?column? 
----------
 t
(1 row)

SELECT skypoint(0.001, 0.0) @ skycircle(0.0, 0.0, 0.001);
 ?column? 
----------
 f
(1 row)

SELECT skypoint(0.0001, 0.0) @ skycircle(0.0, 0.0, 0.0001);
 ?column? 
----------
 t
(1 row)

SELECT skypoint(0.00001, 0.0) @ skycircle(0.0, 0.0, 0.00001);
 ?column? 
----------
 t
(1 row)

SELECT skypoint(1.0, 1.0) @ skycircle(0.0, 0.0, 1.0);
 ?column? 
----------
 f
(1 row)

SELECT skypoint(1.0, 1.0) @ skycircle(0.0, 0.0, 1.4);
 ?column? 
----------
 f
(1 row)

SELECT skypoint(1.0, 1.0) @ skycircle(0.0, 0.0, 1.5);
 ?column? 
----------
 t
(1 row)

SELECT skypoint(1.0, 1.0) @ skycircle(0.0, 0.0, 10.0);
 ?column? 
----------
 t
(1 row)

-- Distances
SELECT *, skypoint(ra,dec) <-> skypoint(3,2) AS dist FROM (
SELECT generate_series(0,10,1) AS ra, generate_series(10,0,-1) AS dec) t
ORDER BY skypoint(ra,dec) <-> skypoint(3,2);
 ra | dec |       dist       
----+-----+------------------
  6 |   4 | 3.60200277494695
  5 |   5 | 3.60335539018966
  7 |   3 | 4.11936129759813
  4 |   6 | 4.12246573846446
  8 |   2 | 4.99695220242593
  3 |   7 |                5
  9 |   1 |  6.0806573489832
  2 |   8 | 6.08206180169568
  1 |   9 | 7.27723727340891
 10 |   0 | 7.27874143546417
  0 |  10 | 8.53737047440188
(11 rows)

